## Genome	Closest reference	Corresponding family	Corresponding genus	List of significant hits
Sp_2554715287_K670DRAFT_AQQF01000003_1.3|Bacteria;Firmicutes;Clostridia;Clostridiales;Clostridiaceae;Clostridium	Sp_2639135460_Ga0073252_121	Paulinoviridae	unclassified	Sp_2639135460_Ga0073252_121 59.6574620085592
Sp_2649552884_Ga0072392_105|Bacteria;Tenericutes;Mollicutes;Entomoplasmatales;Spiroplasmataceae;Spiroplasma	NC_001270	Plectroviridae	Suturavirus	NC_001270 489.737571198359;AJ969242 149.707891213853
Sp_647675897_NZ_DS999947|Bacteria;Proteobacteria;Betaproteobacteria;Neisseriales;Neisseriaceae;Neisseria	HG315669	Inoviridae	unclassified	HG315669 46.2929690148485;LC066596 45.1310258322598;NC_015297 44.5403078174791;NC_010429 42.2113363617872;NC_015586 41.0468506339413
